Usage : node index [--preview/--disable-preview] [source-path [output-path]]
output icon image to  /data/project/merchant/src/img/picmap.png
Output icon css to /data/project/merchant/src/css/picmap.less
output icon image to  /data/project/merchant/src/img/ixicon.png
Output icon css to /data/project/merchant/src/css/ixicon.less
tmp svg files created!!
tmpDir is : ./tmp_iconfont/
glyph.file is : 0_setting.svg
tmpDir is : ./tmp_iconfont/
glyph.file is : 1_arrow.svg
tmpDir is : ./tmp_iconfont/
glyph.file is : 2_more.svg
tmpDir is : ./tmp_iconfont/
glyph.file is : 3_smiley.svg
tmpDir is : ./tmp_iconfont/
glyph.file is : 4_chatRecord.svg
tmpDir is : ./tmp_iconfont/
glyph.file is : 5_document.svg
tmpDir is : ./tmp_iconfont/
glyph.file is : 6_plus.svg
tmpDir is : ./tmp_iconfont/
glyph.file is : la_search.svg
tmpDir is : ./tmp_iconfont/
glyph.file is : lb_vote.svg
tmpDir is : ./tmp_iconfont/
glyph.file is : lc_arch.svg
tmpDir is : ./tmp_iconfont/
glyph.file is : ld_contacts.svg
tmpDir is : ./tmp_iconfont/
glyph.file is : le_iknow.svg
tmpDir is : ./tmp_iconfont/
glyph.file is : lf_archive.svg
tmpDir is : ./tmp_iconfont/
glyph.file is : lg_group.svg
tmpDir is : ./tmp_iconfont/
glyph.file is : lh_download.svg
tmpDir is : ./tmp_iconfont/
glyph.file is : li_index.svg
tmpDir is : ./tmp_iconfont/
glyph.file is : lj_duty.svg
tmpDir is : ./tmp_iconfont/
glyph.file is : lk_topic.svg
tmpDir is : ./tmp_iconfont/
glyph.file is : ll_later.svg
tmpDir is : ./tmp_iconfont/
glyph.file is : lm_mail.svg
tmpDir is : ./tmp_iconfont/
glyph.file is : ln_arrow1.svg
tmpDir is : ./tmp_iconfont/
glyph.file is : lo_other.svg
tmpDir is : ./tmp_iconfont/
glyph.file is : lp_re.svg
tmpDir is : ./tmp_iconfont/
glyph.file is : lq_at1.svg
tmpDir is : ./tmp_iconfont/
glyph.file is : lr_annex.svg
tmpDir is : ./tmp_iconfont/
glyph.file is : ls_send.svg
tmpDir is : ./tmp_iconfont/
glyph.file is : lt_weibo.svg
tmpDir is : ./tmp_iconfont/
glyph.file is : lu_at.svg
tmpDir is : ./tmp_iconfont/
glyph.file is : lv_like.svg
tmpDir is : ./tmp_iconfont/
glyph.file is : lw_user.svg
tmpDir is : ./tmp_iconfont/
glyph.file is : lx_message.svg
tmpDir is : ./tmp_iconfont/
glyph.file is : ly_delete.svg
tmpDir is : ./tmp_iconfont/
glyph.file is : lz_minus.svg
tmpDir is : ./tmp_iconfont/
glyph.file is : ua_announcement.svg
tmpDir is : ./tmp_iconfont/
glyph.file is : ub_file.svg
tmpDir is : ./tmp_iconfont/
glyph.file is : uc_switch.svg
tmpDir is : ./tmp_iconfont/
glyph.file is : ud_spinner.svg
CREATE[ { file: '0_setting.svg',
    css: 'ficon-setting',
    content: '0',
    code: '0',
    width: 50,
    d: 'M50 19v7h-6c-1 3-2 5-3 7l4 4-5 5-4-4c-2 2-5 2-7 3v6h-7v-6c-3-1-5-2-7-3l-4 4-5-5 4-4c-2-2-3-5-3-7h-6v-7h5c0-3 1-5 3-7l-4-4 5-5 4 4c2-2 5-3 7-3v-5h7v5c3 0 5 1 8 3l4-4 5 5-4 4c2 2 3 5 3 8h6z m-20-2c-3-3-8-3-11 0s-3 8 0 11 8 3 11 0 3-8 0-11z',
    unicode: '0' },
  { file: '1_arrow.svg',
    css: 'ficon-arrow',
    content: '1',
    code: '1',
    width: 50,
    d: 'M50 36l-25-27-25 27h50z',
    unicode: '1' },
  { file: '2_more.svg',
    css: 'ficon-more',
    content: '2',
    code: '2',
    width: 50,
    d: 'M28 23h-3v-3h-3v-3h-3v-3h-3v3h3v3h3v3h3v3h-3v3h-3v3h-3v3h3v-3h3v-3h3v-3h3v-3z m10 3h-3v3h-3v3h-3v3h-3v-3h3v-3h3v-3h3v-3h-3v-3h-3v-3h-3v-3h3v3h3v3h3v3h3v3z',
    unicode: '2' },
  { file: '3_smiley.svg',
    css: 'ficon-smiley',
    content: '3',
    code: '3',
    width: 50,
    d: 'M25 48c-14 0-25-11-25-25s11-25 25-25 25 11 25 25-11 25-25 25z m9-13c2 0 3-1 3-3s-1-3-3-3-3 1-3 3 1 3 3 3z m-19 0c2 0 3-1 3-3s-1-3-3-3-3 1-3 3 1 3 3 3z m9-28c-6 0-11 3-13 8l4 2c2-3 5-5 9-5s7 2 9 5l4-2c-3-5-8-8-13-8z',
    unicode: '3' },
  { file: '4_chatRecord.svg',
    css: 'ficon-chatRecord',
    content: '4',
    code: '4',
    width: 50,
    d: 'M44 45h-38c-2 0-3-1-3-3v-29c0-2 1-3 3-3h10v-9l13 9h16c2 0 3 1 3 3v29c0 2-1 3-3 3z m0-29c0-1-1-3-3-3h-13l-9-6v6h-10c-1 0-3 1-3 3v23c0 1 1 3 3 3h10v-19h22v6h-16v13h16c1 0 3-1 3-3v-23z',
    unicode: '4' },
  { file: '5_document.svg',
    css: 'ficon-document',
    content: '5',
    code: '5',
    width: 50,
    d: 'M50 4h-41l-9 22h38l6-19h3l-6 22h-34v6h22l3 3h19v-34z',
    unicode: '5' },
  { file: '6_plus.svg',
    css: 'ficon-plus',
    content: '6',
    code: '6',
    width: 50,
    d: 'M49 29h-17v17c0 1-1 2-2 2h-9c-1 0-2-1-2-2v-17h-17c-1 0-2-1-2-2v-9c0-1 1-2 2-2h17v-17c0-1 1-2 2-2h9c1 0 2 1 2 2v17h17c1 0 2 1 2 2v9c0 1-1 2-2 2z',
    unicode: '6' },
  { file: 'la_search.svg',
    css: 'ficon-search',
    content: '\\0061',
    code: '&#x0061;',
    width: 50,
    d: 'M49 4l-10 10c6 8 5 19-3 27s-21 8-30 0c-8-8-8-21 0-30 7-7 18-8 27-3l10-10 6 6z m-37 11c-6 6-6 15 0 21s15 6 21 0 6-15 0-21-15-6-21 0z',
    unicode: '&#x0061;' },
  { file: 'lb_vote.svg',
    css: 'ficon-vote',
    content: '\\0062',
    code: '&#x0062;',
    width: 50,
    d: 'M0 23h12v-21h-12v21z m38 10v-31h12v31h-12z m-19-31h12v43h-12v-43z',
    unicode: '&#x0062;' },
  { file: 'lc_arch.svg',
    css: 'ficon-arch',
    content: '\\0063',
    code: '&#x0063;',
    width: 50,
    d: 'M50 17v-19h-19v19h6v6h-25v-6h6v-19h-19v19h9v9h13v3h-6v19h19v-19h-6v-3h13v-9h9z',
    unicode: '&#x0063;' },
  { file: 'ld_contacts.svg',
    css: 'ficon-contacts',
    content: '\\0064',
    code: '&#x0064;',
    width: 50,
    d: 'M37 48h-24c-7 0-13-6-13-13v-24c0-7 6-13 13-13h24c7 0 13 6 13 13v24c0 7-6 13-13 13z m-14-16l-5-3s2-10 10-15l5 3s6-1 8-7c0 0-3-7-10-5 0 0-17 6-20 28 0 0 0 11 9 10 0 0 4-3 3-10z',
    unicode: '&#x0064;' },
  { file: 'le_iknow.svg',
    css: 'ficon-iknow',
    content: '\\0065',
    code: '&#x0065;',
    width: 50,
    d: 'M50-2h-50v50h50v-50z m-3 47h-44v-44h44v44z m-31-16l6-5 16 14 6-6-22-20-12 10 6 6z',
    unicode: '&#x0065;' },
  { file: 'lf_archive.svg',
    css: 'ficon-archive',
    content: '\\0066',
    code: '&#x0066;',
    width: 50,
    d: 'M0 20l18-16 32 30-9 8-23-21-9 8-9-9z',
    unicode: '&#x0066;' },
  { file: 'lg_group.svg',
    css: 'ficon-group',
    content: '\\0067',
    code: '&#x0067;',
    width: 50,
    d: 'M50 24c0-5-4-10-8-10-2 0-4 1-6 3 0-1 0-2 0-3 0-7-5-13-12-13-6 0-12 6-12 13 0 1 0 1 0 2-1-1-3-2-5-2-5 0-8 4-8 10 0 4 2 8 5 9-2 1-3 3-3 5 0 3 3 6 6 6s6-3 6-6c0-2-1-4-3-5 3-1 5-5 5-9 1 1 3 2 4 3-3 1-4 4-4 7 0 5 4 8 8 8 5 0 8-4 8-8 0-3-2-6-4-7 2-1 4-2 5-4 0 0 0 1 0 1 0 4 2 8 5 9-2 1-3 3-3 5 0 3 3 6 6 6s6-3 6-6c0-2-1-4-3-5 3-1 5-5 5-9z',
    unicode: '&#x0067;' },
  { file: 'lh_download.svg',
    css: 'ficon-download',
    content: '\\0068',
    code: '&#x0068;',
    width: 50,
    d: 'M43-2h-37v4h37v-4z m-9 29v21h-20v-21h-8l18-20 18 20h-9z',
    unicode: '&#x0068;' },
  { file: 'li_index.svg',
    css: 'ficon-index',
    content: '\\0069',
    code: '&#x0069;',
    width: 50,
    d: 'M15 23l29 12-24-14-2-12-3 14z m-15 6l14-7 5-16 11 9-8 5 10-4 9-3 11 25-50-9z',
    unicode: '&#x0069;' },
  { file: 'lj_duty.svg',
    css: 'ficon-duty',
    content: '\\006a',
    code: '&#x006a;',
    width: 50,
    d: 'M2 48v-50h47v50h-47z m40-3c1 0 2-1 2-2s-1-2-2-2-2 1-2 2 1 2 2 2z m-11 0c1 0 2-1 2-2s-1-2-2-2-2 1-2 2 1 2 2 2z m-11 0c1 0 2-1 2-2s-1-2-2-2-2 1-2 2 1 2 2 2z m-11 0c1 0 2-1 2-2s-1-2-2-2-2 1-2 2 1 2 2 2z m37-39h-41v3h41v-3z m0 6h-41v3h41v-3z m0 6h-41v3h41v-3z m0 6h-41v3h41v-3z m0 6h-41v3h41v-3z',
    unicode: '&#x006a;' },
  { file: 'lk_topic.svg',
    css: 'ficon-topic',
    content: '\\006b',
    code: '&#x006b;',
    width: 50,
    d: 'M49 24l1 6-11 2 2 11-6 1-2-11-11 2 2 11-6 1-2-11-11 2-1-6 11-2-2-11-11 2-1-6 11-2-2-11 6-1 2 11 11-2-2-11 6-1 2 11 11-2 1 6-11 2 2 11 11-2z m-19-8l-11 2 2 11 11-2-2-11z',
    unicode: '&#x006b;' },
  { file: 'll_later.svg',
    css: 'ficon-later',
    content: '\\006c',
    code: '&#x006c;',
    width: 50,
    d: 'M47 30l-12 12c3 3 9 3 12 0s3-9 0-12z m-45 12c3 3 9 3 12 0l-12-12c-3 3-3 9 0 12z m22-3c-11 0-19-9-19-19s9-19 19-19c11 0 19 9 19 19s-9 19-19 19z m11-24h-15v17h6v-11h9v-6z',
    unicode: '&#x006c;' },
  { file: 'lm_mail.svg',
    css: 'ficon-mail',
    content: '\\006d',
    code: '&#x006d;',
    width: 50,
    d: 'M50 29v-19c0-5-4-9-9-9h-33c-5 0-9 4-9 9v19l21-18s2-1 4-1 4 1 4 1l21 18z m-29-13s1-1 4-1 4 1 4 1l22 19v1c0 5-4 9-9 9h-33c-5 0-9-4-9-9v-1l21-19z',
    unicode: '&#x006d;' },
  { file: 'ln_arrow1.svg',
    css: 'ficon-arrow1',
    content: '\\006e',
    code: '&#x006e;',
    width: 50,
    d: 'M16 48l25-25-25-25v50z',
    unicode: '&#x006e;' },
  { file: 'lo_other.svg',
    css: 'ficon-other',
    content: '\\006f',
    code: '&#x006f;',
    width: 50,
    d: 'M3 45h44v-9h-44v9z m0-16h44v-9h-44v9z m0-16h44v-9h-44v9z',
    unicode: '&#x006f;' },
  { file: 'lp_re.svg',
    css: 'ficon-re',
    content: '\\0070',
    code: '&#x0070;',
    width: 50,
    d: 'M0 25l22 17v-9s28-1 28-25c0 0-10 13-28 10v-10l-22 17z',
    unicode: '&#x0070;' },
  { file: 'lq_at1.svg',
    css: 'ficon-at1',
    content: '\\0071',
    code: '&#x0071;',
    width: 50,
    d: 'M49 20c0-1-1-2-2-3s-2-2-2-3c-1-1-2-2-3-2-1-1-2-1-4-1-1 0-2 0-4 1-1 1-2 2-2 3-1-1-2-3-4-3-2-1-3-1-5-1s-3 0-4 1-2 1-3 2-2 2-2 4-1 3-1 4c0 2 0 3 1 5s2 3 3 5c1 1 3 3 4 3 2 1 3 1 5 1 1 0 3 0 4-1s2-1 3-3l1 3h7l-3-14c0-1 0-1 0-2s0-1 0-2 0-1 0-2 1-1 1-1 1 0 1 0 1 0 1 0c1 1 1 1 2 2s1 2 1 3 1 2 1 3 0 2 0 3c0 2 0 5-1 7s-2 4-4 5-3 2-6 3c-2 1-4 1-7 1s-5-1-8-2c-2-1-5-2-6-4s-3-4-4-6-2-5-2-8 0-5 1-7 2-4 4-6 4-3 7-4c2-1 5-1 8-1 2 0 5 0 7 1 2 0 4 1 7 2l1-6c-2-1-5-1-7-2-3 0-5-1-8-1-2 0-4 0-5 0-2 0-3 1-5 1-2 1-5 2-7 4s-4 3-5 5-2 4-3 7c-1 2-1 5-1 7 0 4 1 7 2 10s3 6 6 8c2 2 5 4 8 5s7 2 10 2 6-1 9-2 5-2 7-4 4-4 5-7 2-6 2-9c0-2 0-5-1-7z m-19 7c-1 1-2 1-3 1s-2 0-3-1c-1 0-1-1-2-2s-1-2-1-2 0-2 0-3 0-3 1-4 2-1 3-1 2 0 3 1c1 0 1 1 2 2s1 2 1 2c0 1 0 2 0 3s0 3-1 4z',
    unicode: '&#x0071;' },
  { file: 'lr_annex.svg',
    css: 'ficon-annex',
    content: '\\0072',
    code: '&#x0072;',
    width: 50,
    d: 'M14-2c-3 0-6 1-8 4-4 4-6 7-5 10 0 3 2 4 2 4l28 28 3-3-28-28s-1-1-1-2 1-4 4-7c2-2 6-5 8-2l29 29s1 1 1 2-1 2-2 4c-1 1-4 3-6 1l-22-22s-1-2 0-3c0 0 1-1 1-1s0 0 2 1l14 14 3-3-15-15c-3-2-5-3-8 0-2 3-1 6 0 8l22 22c1 1 3 2 5 2 3 0 6-2 7-3 2-2 3-4 3-7s-2-4-2-4l-29-29c-1-1-3-2-5-2z',
    unicode: '&#x0072;' },
  { file: 'ls_send.svg',
    css: 'ficon-send',
    content: '\\0073',
    code: '&#x0073;',
    width: 50,
    d: 'M50-2h-50v50h50v-50z m-24 47v3h-26v-33h3v-14h44v44h-21z m17-34c-10 19-25 24-25 24v10l-19-14 19-18v11c13-2 25-13 25-13z',
    unicode: '&#x0073;' },
  { file: 'lt_weibo.svg',
    css: 'ficon-weibo',
    content: '\\0074',
    code: '&#x0074;',
    width: 50,
    d: 'M18 42l9-33h-7l-2 7h-10l-2-7h-7l9 33h9z m-4-6l-4-15h7l-4 15z m17-6c2 2 4 3 9 3 2 0 5 0 7-2s2-4 2-5v-12s0-1 1-1v-4h-2c-3 0-4 2-5 3-1-1-1-2-2-2 0 0-2-1-4-1-3 0-6 1-6 7 0 2 1 6 5 8 2 1 5 2 7 2 0 2 0 3 0 4s-1 1-3 1c-3 0-4-1-6-3l-3 4z m12-9c-1 0-6-1-6-5 0-2 1-3 3-3 3 0 3 3 3 4v4z',
    unicode: '&#x0074;' },
  { file: 'lu_at.svg',
    css: 'ficon-at',
    content: '\\0075',
    code: '&#x0075;',
    width: 50,
    d: 'M27 22c1 0 1 0 1 0v-3s0 0-1-1c0 0-1 0-1-1 0 0-1 0-1 0s-1 0-1 0-1 0-1 0-1 0-1 0 0 0-1 1c0 0 0 1 0 1 0 1 0 1 1 2 1 0 1 1 2 1s1 0 2 0z m23 17v-31c0-5-4-10-10-10h-31c-5 0-10 4-10 10v31c0 5 4 10 10 10h31c5 0 10-4 10-10z m-8-14c0 2 0 4-1 6s-2 3-3 5c-1 1-3 2-5 3s-4 1-6 1c-3 0-5 0-7-1s-4-2-5-3c-1-2-3-3-3-5-1-2-1-4-1-7 0-2 0-3 1-5 0-1 1-3 2-4s2-2 3-3 2-2 3-2c1-1 3-1 4-1s3 0 5 0c1 0 2 0 3 0s2 0 3 0 2 0 3 1c1 0 1 0 2 1v3c-1 0-1 0-2-1-1 0-2 0-2-1-1 0-2 0-3 0s-2 0-3 0c-2 0-4 0-6 1s-3 2-4 3-2 3-3 4c-1 2-1 3-1 5s0 4 1 5c1 2 1 3 2 4s2 2 4 3 4 1 6 1 3 0 5-1 3-1 4-2 2-2 3-4 1-3 1-5c0-1 0-2 0-3s-1-2-1-2c0-1-1-1-1-1s-1-1-2-1c0 0 0 0-1 0 0 0 0 0 0 1 0 0 0 0 0 1v7c0 1 0 2 0 2 0 1-1 1-1 2-1 1-1 1-2 1s-2 0-3 0-1 0-2 0-1 0-2 0-1 0-1 0-1 0-1 0v-3c1 0 2 1 3 1s2 0 3 0 1 0 2 0c0 0 1 0 1-1 0 0 1-1 1-1s0-1 0-1v-1s-1 0-2 0-1 0-2 0-2 0-3 0-2-1-2-1c-1-1-1-1-1-2s-1-2-1-3 0-2 0-2 1-1 1-2c1 0 1-1 2-1s1 0 2 0 1 0 2 0 1 0 2 1 1 0 1 1c0 0 1 1 1 1s0-1 1-1c0 0 0-1 1-1 0 0 1 0 1 0s1 0 2 0 2 0 3 1c1 0 2 1 3 2s1 2 2 3 1 3 1 5z',
    unicode: '&#x0075;' },
  { file: 'lv_like.svg',
    css: 'ficon-like',
    content: '\\0076',
    code: '&#x0076;',
    width: 50,
    d: 'M36 42c1 0 1 0 2 0 5 0 11-4 11-12v-2c-1-7-7-16-25-27-18 11-24 20-25 27v2c1 7 6 11 11 12 1 0 2 0 2 0 6 0 8-3 11-7 3 3 6 7 11 7',
    unicode: '&#x0076;' },
  { file: 'lw_user.svg',
    css: 'ficon-user',
    content: '\\0077',
    code: '&#x0077;',
    width: 50,
    d: 'M31 14c-1 0-1 3-1 3s3 3 4 7c2 0 3 5 1 6 0 2 2 13-9 13s-9-11-9-13c-2-2-1-6 1-6 1-4 4-7 4-7s0-3-1-3c-3-1-17-6-17-13h44c0 6-13 12-17 13z',
    unicode: '&#x0077;' },
  { file: 'lx_message.svg',
    css: 'ficon-message',
    content: '\\0078',
    code: '&#x0078;',
    width: 50,
    d: 'M25 45c-12 0-22-8-22-19 0-10 10-19 22-19 2 0 3 0 3 0l9-6s0 8 0 10c6 3 9 9 9 15 0 10-10 19-22 19z m-12-22c-2 0-3 1-3 3s1 3 3 3 3-1 3-3-1-3-3-3z m12 0c-2 0-3 1-3 3s1 3 3 3 3-1 3-3-1-3-3-3z m13 0c-2 0-3 1-3 3s1 3 3 3 3-1 3-3-1-3-3-3z',
    unicode: '&#x0078;' },
  { file: 'ly_delete.svg',
    css: 'ficon-delete',
    content: '\\0079',
    code: '&#x0079;',
    width: 50,
    d: 'M50 8l-15 15 15 15s0 0 0 1 0 1 0 2l-7 7s-1 1-2 0c0 0 0 0-1 0l-15-15-15 15s0 0-1 0-1 0-2 0l-7-7s-1-1 0-2c0 0 0 0 0-1l15-15-15-15s0 0 0-1 0-1 0-2l7-7s1-1 2 0c0 0 0 0 1 0l15 15 15-15s0 0 1 0 1 0 2 0l7 7s1 1 0 2c0 0 0 0 0 1z',
    unicode: '&#x0079;' },
  { file: 'lz_minus.svg',
    css: 'ficon-minus',
    content: '\\007a',
    code: '&#x007a;',
    width: 50,
    d: 'M0 28v-9c0-1 1-2 2-2h47c1 0 2 1 2 2v9c0 1-1 2-2 2h-47c-1 0-2-1-2-2z',
    unicode: '&#x007a;' },
  { file: 'ua_announcement.svg',
    css: 'ficon-announcement',
    content: '\\0041',
    code: '&#x0041;',
    width: 50,
    d: 'M38 44c1 1 2 1 2-1v-41c0-2-1-2-2-1l-21 12h-8v19h8l21 12z',
    unicode: '&#x0041;' },
  { file: 'ub_file.svg',
    css: 'ficon-file',
    content: '\\0042',
    code: '&#x0042;',
    width: 50,
    d: 'M46 36h-12v12c-1 1-3 1-4 1h-24c-2 0-4-2-4-4v-42c0-2 2-4 4-4h36c2 0 4 2 4 4v30c0 1 0 3-1 4z m-5-28h-31v3h31v-3z m0 9h-31v3h31v-3z m0 9h-31v3h31v-3z',
    unicode: '&#x0042;' },
  { file: 'uc_switch.svg',
    css: 'ficon-switch',
    content: '\\0043',
    code: '&#x0043;',
    width: 50,
    d: 'M31 41v-7c2-1 3-2 5-3 3-3 5-7 5-11s-2-8-5-11-7-5-11-5-8 2-11 5-5 7-5 11 2 8 5 11c1 1 3 3 5 3v7c-9-3-16-11-16-21 0-12 10-22 22-22s22 10 22 22c0 10-7 18-16 21z m-9 7h6v-25h-6z',
    unicode: '&#x0043;' },
  { file: 'ud_spinner.svg',
    css: 'ficon-spinner',
    content: '\\0044',
    code: '&#x0044;',
    width: 50,
    d: 'M50 29h-19l7 7c-4 4-8 6-13 6s-10-2-13-6c-4-4-6-8-6-13s2-10 6-13c4-4 8-6 13-6s10 2 13 6c0 0 1 1 1 1l5-4c-5-5-11-9-19-9-14 0-25 11-25 25s11 25 25 25c7 0 13-3 18-7l7 7v-19z',
    unicode: '&#x0044;' } ]
<?xml version="1.0" standalone="no"?>
<!DOCTYPE svg PUBLIC "-//W3C//DTD SVG 1.1//EN" "http://www.w3.org/Graphics/SVG/1.1/DTD/svg11.dtd">
<svg xmlns="http://www.w3.org/2000/svg">
	<metadata>Copyright (C) 2014 by Hualala</metadata>
	<defs>
		<font id="hualala" horiz-adv-x="50" >
			<font-face font-family="hllicons" font-weight="400" font-stretch="normal"
				 units-per-em="50" ascent="48" descent="-2"
			 />
			<missing-glyph horiz-adv-x="50" />

			<glyph glyph-name="ficon-setting" unicode="0"
				 d="M50 19v7h-6c-1 3-2 5-3 7l4 4-5 5-4-4c-2 2-5 2-7 3v6h-7v-6c-3-1-5-2-7-3l-4 4-5-5 4-4c-2-2-3-5-3-7h-6v-7h5c0-3 1-5 3-7l-4-4 5-5 4 4c2-2 5-3 7-3v-5h7v5c3 0 5 1 8 3l4-4 5 5-4 4c2 2 3 5 3 8h6z m-20-2c-3-3-8-3-11 0s-3 8 0 11 8 3 11 0 3-8 0-11z"
				 horiz-adv="50"
			 />

			<glyph glyph-name="ficon-arrow" unicode="1"
				 d="M50 36l-25-27-25 27h50z"
				 horiz-adv="50"
			 />

			<glyph glyph-name="ficon-more" unicode="2"
				 d="M28 23h-3v-3h-3v-3h-3v-3h-3v3h3v3h3v3h3v3h-3v3h-3v3h-3v3h3v-3h3v-3h3v-3h3v-3z m10 3h-3v3h-3v3h-3v3h-3v-3h3v-3h3v-3h3v-3h-3v-3h-3v-3h-3v-3h3v3h3v3h3v3h3v3z"
				 horiz-adv="50"
			 />

			<glyph glyph-name="ficon-smiley" unicode="3"
				 d="M25 48c-14 0-25-11-25-25s11-25 25-25 25 11 25 25-11 25-25 25z m9-13c2 0 3-1 3-3s-1-3-3-3-3 1-3 3 1 3 3 3z m-19 0c2 0 3-1 3-3s-1-3-3-3-3 1-3 3 1 3 3 3z m9-28c-6 0-11 3-13 8l4 2c2-3 5-5 9-5s7 2 9 5l4-2c-3-5-8-8-13-8z"
				 horiz-adv="50"
			 />

			<glyph glyph-name="ficon-chatRecord" unicode="4"
				 d="M44 45h-38c-2 0-3-1-3-3v-29c0-2 1-3 3-3h10v-9l13 9h16c2 0 3 1 3 3v29c0 2-1 3-3 3z m0-29c0-1-1-3-3-3h-13l-9-6v6h-10c-1 0-3 1-3 3v23c0 1 1 3 3 3h10v-19h22v6h-16v13h16c1 0 3-1 3-3v-23z"
				 horiz-adv="50"
			 />

			<glyph glyph-name="ficon-document" unicode="5"
				 d="M50 4h-41l-9 22h38l6-19h3l-6 22h-34v6h22l3 3h19v-34z"
				 horiz-adv="50"
			 />

			<glyph glyph-name="ficon-plus" unicode="6"
				 d="M49 29h-17v17c0 1-1 2-2 2h-9c-1 0-2-1-2-2v-17h-17c-1 0-2-1-2-2v-9c0-1 1-2 2-2h17v-17c0-1 1-2 2-2h9c1 0 2 1 2 2v17h17c1 0 2 1 2 2v9c0 1-1 2-2 2z"
				 horiz-adv="50"
			 />

			<glyph glyph-name="ficon-search" unicode="&#x0061;"
				 d="M49 4l-10 10c6 8 5 19-3 27s-21 8-30 0c-8-8-8-21 0-30 7-7 18-8 27-3l10-10 6 6z m-37 11c-6 6-6 15 0 21s15 6 21 0 6-15 0-21-15-6-21 0z"
				 horiz-adv="50"
			 />

			<glyph glyph-name="ficon-vote" unicode="&#x0062;"
				 d="M0 23h12v-21h-12v21z m38 10v-31h12v31h-12z m-19-31h12v43h-12v-43z"
				 horiz-adv="50"
			 />

			<glyph glyph-name="ficon-arch" unicode="&#x0063;"
				 d="M50 17v-19h-19v19h6v6h-25v-6h6v-19h-19v19h9v9h13v3h-6v19h19v-19h-6v-3h13v-9h9z"
				 horiz-adv="50"
			 />

			<glyph glyph-name="ficon-contacts" unicode="&#x0064;"
				 d="M37 48h-24c-7 0-13-6-13-13v-24c0-7 6-13 13-13h24c7 0 13 6 13 13v24c0 7-6 13-13 13z m-14-16l-5-3s2-10 10-15l5 3s6-1 8-7c0 0-3-7-10-5 0 0-17 6-20 28 0 0 0 11 9 10 0 0 4-3 3-10z"
				 horiz-adv="50"
			 />

			<glyph glyph-name="ficon-iknow" unicode="&#x0065;"
				 d="M50-2h-50v50h50v-50z m-3 47h-44v-44h44v44z m-31-16l6-5 16 14 6-6-22-20-12 10 6 6z"
				 horiz-adv="50"
			 />

			<glyph glyph-name="ficon-archive" unicode="&#x0066;"
				 d="M0 20l18-16 32 30-9 8-23-21-9 8-9-9z"
				 horiz-adv="50"
			 />

			<glyph glyph-name="ficon-group" unicode="&#x0067;"
				 d="M50 24c0-5-4-10-8-10-2 0-4 1-6 3 0-1 0-2 0-3 0-7-5-13-12-13-6 0-12 6-12 13 0 1 0 1 0 2-1-1-3-2-5-2-5 0-8 4-8 10 0 4 2 8 5 9-2 1-3 3-3 5 0 3 3 6 6 6s6-3 6-6c0-2-1-4-3-5 3-1 5-5 5-9 1 1 3 2 4 3-3 1-4 4-4 7 0 5 4 8 8 8 5 0 8-4 8-8 0-3-2-6-4-7 2-1 4-2 5-4 0 0 0 1 0 1 0 4 2 8 5 9-2 1-3 3-3 5 0 3 3 6 6 6s6-3 6-6c0-2-1-4-3-5 3-1 5-5 5-9z"
				 horiz-adv="50"
			 />

			<glyph glyph-name="ficon-download" unicode="&#x0068;"
				 d="M43-2h-37v4h37v-4z m-9 29v21h-20v-21h-8l18-20 18 20h-9z"
				 horiz-adv="50"
			 />

			<glyph glyph-name="ficon-index" unicode="&#x0069;"
				 d="M15 23l29 12-24-14-2-12-3 14z m-15 6l14-7 5-16 11 9-8 5 10-4 9-3 11 25-50-9z"
				 horiz-adv="50"
			 />

			<glyph glyph-name="ficon-duty" unicode="&#x006a;"
				 d="M2 48v-50h47v50h-47z m40-3c1 0 2-1 2-2s-1-2-2-2-2 1-2 2 1 2 2 2z m-11 0c1 0 2-1 2-2s-1-2-2-2-2 1-2 2 1 2 2 2z m-11 0c1 0 2-1 2-2s-1-2-2-2-2 1-2 2 1 2 2 2z m-11 0c1 0 2-1 2-2s-1-2-2-2-2 1-2 2 1 2 2 2z m37-39h-41v3h41v-3z m0 6h-41v3h41v-3z m0 6h-41v3h41v-3z m0 6h-41v3h41v-3z m0 6h-41v3h41v-3z"
				 horiz-adv="50"
			 />

			<glyph glyph-name="ficon-topic" unicode="&#x006b;"
				 d="M49 24l1 6-11 2 2 11-6 1-2-11-11 2 2 11-6 1-2-11-11 2-1-6 11-2-2-11-11 2-1-6 11-2-2-11 6-1 2 11 11-2-2-11 6-1 2 11 11-2 1 6-11 2 2 11 11-2z m-19-8l-11 2 2 11 11-2-2-11z"
				 horiz-adv="50"
			 />

			<glyph glyph-name="ficon-later" unicode="&#x006c;"
				 d="M47 30l-12 12c3 3 9 3 12 0s3-9 0-12z m-45 12c3 3 9 3 12 0l-12-12c-3 3-3 9 0 12z m22-3c-11 0-19-9-19-19s9-19 19-19c11 0 19 9 19 19s-9 19-19 19z m11-24h-15v17h6v-11h9v-6z"
				 horiz-adv="50"
			 />

			<glyph glyph-name="ficon-mail" unicode="&#x006d;"
				 d="M50 29v-19c0-5-4-9-9-9h-33c-5 0-9 4-9 9v19l21-18s2-1 4-1 4 1 4 1l21 18z m-29-13s1-1 4-1 4 1 4 1l22 19v1c0 5-4 9-9 9h-33c-5 0-9-4-9-9v-1l21-19z"
				 horiz-adv="50"
			 />

			<glyph glyph-name="ficon-arrow1" unicode="&#x006e;"
				 d="M16 48l25-25-25-25v50z"
				 horiz-adv="50"
			 />

			<glyph glyph-name="ficon-other" unicode="&#x006f;"
				 d="M3 45h44v-9h-44v9z m0-16h44v-9h-44v9z m0-16h44v-9h-44v9z"
				 horiz-adv="50"
			 />

			<glyph glyph-name="ficon-re" unicode="&#x0070;"
				 d="M0 25l22 17v-9s28-1 28-25c0 0-10 13-28 10v-10l-22 17z"
				 horiz-adv="50"
			 />

			<glyph glyph-name="ficon-at1" unicode="&#x0071;"
				 d="M49 20c0-1-1-2-2-3s-2-2-2-3c-1-1-2-2-3-2-1-1-2-1-4-1-1 0-2 0-4 1-1 1-2 2-2 3-1-1-2-3-4-3-2-1-3-1-5-1s-3 0-4 1-2 1-3 2-2 2-2 4-1 3-1 4c0 2 0 3 1 5s2 3 3 5c1 1 3 3 4 3 2 1 3 1 5 1 1 0 3 0 4-1s2-1 3-3l1 3h7l-3-14c0-1 0-1 0-2s0-1 0-2 0-1 0-2 1-1 1-1 1 0 1 0 1 0 1 0c1 1 1 1 2 2s1 2 1 3 1 2 1 3 0 2 0 3c0 2 0 5-1 7s-2 4-4 5-3 2-6 3c-2 1-4 1-7 1s-5-1-8-2c-2-1-5-2-6-4s-3-4-4-6-2-5-2-8 0-5 1-7 2-4 4-6 4-3 7-4c2-1 5-1 8-1 2 0 5 0 7 1 2 0 4 1 7 2l1-6c-2-1-5-1-7-2-3 0-5-1-8-1-2 0-4 0-5 0-2 0-3 1-5 1-2 1-5 2-7 4s-4 3-5 5-2 4-3 7c-1 2-1 5-1 7 0 4 1 7 2 10s3 6 6 8c2 2 5 4 8 5s7 2 10 2 6-1 9-2 5-2 7-4 4-4 5-7 2-6 2-9c0-2 0-5-1-7z m-19 7c-1 1-2 1-3 1s-2 0-3-1c-1 0-1-1-2-2s-1-2-1-2 0-2 0-3 0-3 1-4 2-1 3-1 2 0 3 1c1 0 1 1 2 2s1 2 1 2c0 1 0 2 0 3s0 3-1 4z"
				 horiz-adv="50"
			 />

			<glyph glyph-name="ficon-annex" unicode="&#x0072;"
				 d="M14-2c-3 0-6 1-8 4-4 4-6 7-5 10 0 3 2 4 2 4l28 28 3-3-28-28s-1-1-1-2 1-4 4-7c2-2 6-5 8-2l29 29s1 1 1 2-1 2-2 4c-1 1-4 3-6 1l-22-22s-1-2 0-3c0 0 1-1 1-1s0 0 2 1l14 14 3-3-15-15c-3-2-5-3-8 0-2 3-1 6 0 8l22 22c1 1 3 2 5 2 3 0 6-2 7-3 2-2 3-4 3-7s-2-4-2-4l-29-29c-1-1-3-2-5-2z"
				 horiz-adv="50"
			 />

			<glyph glyph-name="ficon-send" unicode="&#x0073;"
				 d="M50-2h-50v50h50v-50z m-24 47v3h-26v-33h3v-14h44v44h-21z m17-34c-10 19-25 24-25 24v10l-19-14 19-18v11c13-2 25-13 25-13z"
				 horiz-adv="50"
			 />

			<glyph glyph-name="ficon-weibo" unicode="&#x0074;"
				 d="M18 42l9-33h-7l-2 7h-10l-2-7h-7l9 33h9z m-4-6l-4-15h7l-4 15z m17-6c2 2 4 3 9 3 2 0 5 0 7-2s2-4 2-5v-12s0-1 1-1v-4h-2c-3 0-4 2-5 3-1-1-1-2-2-2 0 0-2-1-4-1-3 0-6 1-6 7 0 2 1 6 5 8 2 1 5 2 7 2 0 2 0 3 0 4s-1 1-3 1c-3 0-4-1-6-3l-3 4z m12-9c-1 0-6-1-6-5 0-2 1-3 3-3 3 0 3 3 3 4v4z"
				 horiz-adv="50"
			 />

			<glyph glyph-name="ficon-at" unicode="&#x0075;"
				 d="M27 22c1 0 1 0 1 0v-3s0 0-1-1c0 0-1 0-1-1 0 0-1 0-1 0s-1 0-1 0-1 0-1 0-1 0-1 0 0 0-1 1c0 0 0 1 0 1 0 1 0 1 1 2 1 0 1 1 2 1s1 0 2 0z m23 17v-31c0-5-4-10-10-10h-31c-5 0-10 4-10 10v31c0 5 4 10 10 10h31c5 0 10-4 10-10z m-8-14c0 2 0 4-1 6s-2 3-3 5c-1 1-3 2-5 3s-4 1-6 1c-3 0-5 0-7-1s-4-2-5-3c-1-2-3-3-3-5-1-2-1-4-1-7 0-2 0-3 1-5 0-1 1-3 2-4s2-2 3-3 2-2 3-2c1-1 3-1 4-1s3 0 5 0c1 0 2 0 3 0s2 0 3 0 2 0 3 1c1 0 1 0 2 1v3c-1 0-1 0-2-1-1 0-2 0-2-1-1 0-2 0-3 0s-2 0-3 0c-2 0-4 0-6 1s-3 2-4 3-2 3-3 4c-1 2-1 3-1 5s0 4 1 5c1 2 1 3 2 4s2 2 4 3 4 1 6 1 3 0 5-1 3-1 4-2 2-2 3-4 1-3 1-5c0-1 0-2 0-3s-1-2-1-2c0-1-1-1-1-1s-1-1-2-1c0 0 0 0-1 0 0 0 0 0 0 1 0 0 0 0 0 1v7c0 1 0 2 0 2 0 1-1 1-1 2-1 1-1 1-2 1s-2 0-3 0-1 0-2 0-1 0-2 0-1 0-1 0-1 0-1 0v-3c1 0 2 1 3 1s2 0 3 0 1 0 2 0c0 0 1 0 1-1 0 0 1-1 1-1s0-1 0-1v-1s-1 0-2 0-1 0-2 0-2 0-3 0-2-1-2-1c-1-1-1-1-1-2s-1-2-1-3 0-2 0-2 1-1 1-2c1 0 1-1 2-1s1 0 2 0 1 0 2 0 1 0 2 1 1 0 1 1c0 0 1 1 1 1s0-1 1-1c0 0 0-1 1-1 0 0 1 0 1 0s1 0 2 0 2 0 3 1c1 0 2 1 3 2s1 2 2 3 1 3 1 5z"
				 horiz-adv="50"
			 />

			<glyph glyph-name="ficon-like" unicode="&#x0076;"
				 d="M36 42c1 0 1 0 2 0 5 0 11-4 11-12v-2c-1-7-7-16-25-27-18 11-24 20-25 27v2c1 7 6 11 11 12 1 0 2 0 2 0 6 0 8-3 11-7 3 3 6 7 11 7"
				 horiz-adv="50"
			 />

			<glyph glyph-name="ficon-user" unicode="&#x0077;"
				 d="M31 14c-1 0-1 3-1 3s3 3 4 7c2 0 3 5 1 6 0 2 2 13-9 13s-9-11-9-13c-2-2-1-6 1-6 1-4 4-7 4-7s0-3-1-3c-3-1-17-6-17-13h44c0 6-13 12-17 13z"
				 horiz-adv="50"
			 />

			<glyph glyph-name="ficon-message" unicode="&#x0078;"
				 d="M25 45c-12 0-22-8-22-19 0-10 10-19 22-19 2 0 3 0 3 0l9-6s0 8 0 10c6 3 9 9 9 15 0 10-10 19-22 19z m-12-22c-2 0-3 1-3 3s1 3 3 3 3-1 3-3-1-3-3-3z m12 0c-2 0-3 1-3 3s1 3 3 3 3-1 3-3-1-3-3-3z m13 0c-2 0-3 1-3 3s1 3 3 3 3-1 3-3-1-3-3-3z"
				 horiz-adv="50"
			 />

			<glyph glyph-name="ficon-delete" unicode="&#x0079;"
				 d="M50 8l-15 15 15 15s0 0 0 1 0 1 0 2l-7 7s-1 1-2 0c0 0 0 0-1 0l-15-15-15 15s0 0-1 0-1 0-2 0l-7-7s-1-1 0-2c0 0 0 0 0-1l15-15-15-15s0 0 0-1 0-1 0-2l7-7s1-1 2 0c0 0 0 0 1 0l15 15 15-15s0 0 1 0 1 0 2 0l7 7s1 1 0 2c0 0 0 0 0 1z"
				 horiz-adv="50"
			 />

			<glyph glyph-name="ficon-minus" unicode="&#x007a;"
				 d="M0 28v-9c0-1 1-2 2-2h47c1 0 2 1 2 2v9c0 1-1 2-2 2h-47c-1 0-2-1-2-2z"
				 horiz-adv="50"
			 />

			<glyph glyph-name="ficon-announcement" unicode="&#x0041;"
				 d="M38 44c1 1 2 1 2-1v-41c0-2-1-2-2-1l-21 12h-8v19h8l21 12z"
				 horiz-adv="50"
			 />

			<glyph glyph-name="ficon-file" unicode="&#x0042;"
				 d="M46 36h-12v12c-1 1-3 1-4 1h-24c-2 0-4-2-4-4v-42c0-2 2-4 4-4h36c2 0 4 2 4 4v30c0 1 0 3-1 4z m-5-28h-31v3h31v-3z m0 9h-31v3h31v-3z m0 9h-31v3h31v-3z"
				 horiz-adv="50"
			 />

			<glyph glyph-name="ficon-switch" unicode="&#x0043;"
				 d="M31 41v-7c2-1 3-2 5-3 3-3 5-7 5-11s-2-8-5-11-7-5-11-5-8 2-11 5-5 7-5 11 2 8 5 11c1 1 3 3 5 3v7c-9-3-16-11-16-21 0-12 10-22 22-22s22 10 22 22c0 10-7 18-16 21z m-9 7h6v-25h-6z"
				 horiz-adv="50"
			 />

			<glyph glyph-name="ficon-spinner" unicode="&#x0044;"
				 d="M50 29h-19l7 7c-4 4-8 6-13 6s-10-2-13-6c-4-4-6-8-6-13s2-10 6-13c4-4 8-6 13-6s10 2 13 6c0 0 1 1 1 1l5-4c-5-5-11-9-19-9-14 0-25 11-25 25s11 25 25 25c7 0 13-3 18-7l7 7v-19z"
				 horiz-adv="50"
			 />

		</font>
	</defs>
</svg>
error path : /data/project/tools/iconMagic
Output background css to /data/project/merchant/src/css/background.less
/data/project/tools/iconMagic/distrib/css/demo.less
Output preview file:/data/project/merchant/src/preview.htm
